// Jest Snapshot v1, https://goo.gl/fbAQLP

exports[`Should render the EditExpensePage correctly 1`] = `
<div>
  <ExpenseForm
    expense={
      Object {
        "amount": 84800,
        "createdAt": "1969-12-01T00:00:00.000Z",
        "description": "Vacation",
        "id": "2",
        "note": "A trip to South Sudan",
      }
    }
    onSubmit={[Function]}
  />
  <button
    onClick={[Function]}
  >
    Remove
  </button>
</div>
`;
