// Jest Snapshot v1, https://goo.gl/fbAQLP

exports[`Should render the expense list component with props 1`] = `
<div>
  <ExpenseListItem
    amount={6700}
    createdAt={"1970-02-01T00:00:00.000Z"}
    description="Drinks"
    id="0"
    key="0"
    note="Three casks of bordeux wine for the Mrs"
  />
  <ExpenseListItem
    amount={9000}
    createdAt={"1970-01-01T00:00:00.000Z"}
    description="Food"
    id="1"
    key="1"
    note="Food for the month of September"
  />
  <ExpenseListItem
    amount={84800}
    createdAt={"1969-12-01T00:00:00.000Z"}
    description="Vacation"
    id="2"
    key="2"
    note="A trip to South Sudan"
  />
</div>
`;

exports[`Should render the expense list component without props 1`] = `
<div>
  <p>
    No expenses to show
  </p>
</div>
`;
